// Jest Snapshot v1, https://goo.gl/fbAQLP

exports[`HomeScreen Renders snapshot correctly 1`] = `
<RNCSafeAreaView
  edges={
    Array [
      "bottom",
      "left",
      "right",
      "top",
    ]
  }
  style={
    Array [
      Object {
        "alignItems": "stretch",
        "backgroundColor": "rgb(252, 238, 12)",
        "flexBasis": 0,
        "flexGrow": 1,
        "flexShrink": 1,
        "justifyContent": "flex-start",
      },
    ]
  }
>
  <View
    style={
      Array [
        Object {
          "borderRadius": 8,
          "marginHorizontal": 16,
          "marginTop": 16,
        },
      ]
    }
  >
    <Text
      style={
        Array [
          Object {
            "color": "rgb(0, 0, 0)",
            "fontFamily": "ChakraPetch_700Bold",
            "fontSize": 32,
            "fontWeight": "700",
            "textAlign": "center",
          },
        ]
      }
    >
      Cloick Acamorty
    </Text>
  </View>
</RNCSafeAreaView>
`;
